MariaDB [(none)]> SHOW DTABASES;
ERROR 1064 (42000): You have an error in your SQL syntax; check the manual that corresponds to your MariaDB server version for the right syntax to use near 'DTABASES' at line 1
MariaDB [(none)]> SHOW DATABASES;
+--------------------+
| Database           |
+--------------------+
| information_schema |
| lab_pwl            |
| mysql              |
| newsportal         |
| performance_schema |
| phpmyadmin         |
| task_manager       |
| test               |
| tubespwl           |
| tubessbd           |
| website_laravel    |
+--------------------+
11 rows in set (0.001 sec)

MariaDB [(none)]> CREATE DATABASES task_plans;
ERROR 1064 (42000): You have an error in your SQL syntax; check the manual that corresponds to your MariaDB server version for the right syntax to use near 'DATABASES task_plans' at line 1
MariaDB [(none)]> CREATE DATABASE task_plans;
Query OK, 1 row affected (0.001 sec)

MariaDB [(none)]> USE task_plans;
Database changed
MariaDB [task_plans]> SHOW TABLES;
Empty set (0.001 sec)

MariaDB [task_plans]> MariaDB [(none)]> CREATE DATABASES;
ERROR 1064 (42000): You have an error in your SQL syntax; check the manual that corresponds to your MariaDB server version for the right syntax to use near 'DATABASES' at line 1
MariaDB [(none)]> CREATE DATABASE task_manager
    -> 
    -> CREATE DATABASE task_manager;
ERROR 1064 (42000): You have an error in your SQL syntax; check the manual that corresponds to your MariaDB server version for the right syntax to use near 'CREATE DATABASE task_manager' at line 3
MariaDB [(none)]> SHOW DATABASES;
+--------------------+
| Database           |
+--------------------+
| information_schema |
| lab_pwl            |
| mysql              |
| newsportal         |
| performance_schema |
| phpmyadmin         |
| task_manager       |
| task_plans         |
| test               |
| tubespwl           |
| tubessbd           |
| website_laravel    |
+--------------------+
12 rows in set (0.001 sec)

MariaDB [(none)]> CREATE DATABASE task_manager;
ERROR 1007 (HY000): Can't create database 'task_manager'; database exists
MariaDB [(none)]> CREATE DATABASE Task_manager;
ERROR 1007 (HY000): Can't create database 'task_manager'; database exists
MariaDB [(none)]> USE task_manager;
Database changed
MariaDB [task_manager]> SHOW TABLES;
+------------------------+
| Tables_in_task_manager |
+------------------------+
| failed_jobs            |
| migrations             |
| password_resets        |
| personal_access_tokens |
| task_categories        |
| task_dailies           |
| task_indicators        |
| task_persons           |
| task_plans             |
| users                  |
+------------------------+
10 rows in set (0.001 sec)

MariaDB [task_manager]> DESC task_plans
    -> DESC task_plans;
ERROR 1064 (42000): You have an error in your SQL syntax; check the manual that corresponds to your MariaDB server version for the right syntax to use near 'DESC task_plans' at line 2
MariaDB [task_manager]> MariaDB [(none)]> CREATE VIEW nim_211402035 AS
    -> 
    -> SELECT a.id as 'Task Id', a.task_name as 'Nama Task', a.task_status as 'Status', a.category_id as 'Kategori Indikator', b.category_name as 'Kategori', c.indicator_name as 'Indikator', a.user_create as 'Creator Id', d.name as 'Creator Name', a.task_priority as 'Prioritas'
    -> 
    -> FROM task_plans a
    -> 
    -> RIGHT JOIN task_categories b
    -> 
    -> ON a.category_id = b.id
    -> 
    -> RIGHT JOIN task_indicators c
    -> 
    -> ON a.category_id = c.id
    -> 
    -> RIGHT JOIN users d
    -> 
    -> ON a.user_create = d.id;
ERROR 1046 (3D000): No database selected
MariaDB [(none)]> USE task_manager;
Database changed
MariaDB [task_manager]> SELECT 
    -> 
    -> a.id, a.task_name, b.task_status, b.task_comments, d.category_name as 'Category',
    -> 
    -> DATEDIFF(a.task_duration_end, a.ask_duration_start) as 'Lama Pengerjaan',
    -> 
    -> c.name as 'Create By', (SELECT name from users where users.id = b.user_verify_id ) as 'Verified By'
    -> 
    -> FROM task_plans a
    -> 
    -> RIGHT JOIN task_dailies b ON a.id = b.plan_id
    -> 
    -> INNER JOIN users c ON b.user_id = c.id
    -> 
    -> RIGHT JOIN task_categories d ON a.category_id = d.id;
+------+-----------+-------------+---------------+--------------+-----------------+-----------+-------------+
| id   | task_name | task_status | task_comments | Category     | Lama Pengerjaan | Create By | Verified By |
+------+-----------+-------------+---------------+--------------+-----------------+-----------+-------------+
| NULL | NULL      | NULL        | NULL          | Analisis     |            NULL | NULL      | NULL        |
| NULL | NULL      | NULL        | NULL          | Administrasi |            NULL | NULL      | NULL        |
| NULL | NULL      | NULL        | NULL          | Teknikal     |            NULL | NULL      | NULL        |
+------+-----------+-------------+---------------+--------------+-----------------+-----------+-------------+
3 rows in set (0.001 sec)

MariaDB [task_manager]> CREATE VIEW nim_211402035 AS
    -> 
    -> SELECT a.id as 'Task Id', a.task_name as 'Nama Task', a.task_status as 'Status', a.category_id as 'Kategori Indikator', b.category_name as 'Kategori', c.indicator_name as 'Indikator', a.user_create as 'Creator Id', d.name as 'Creator Name', a.task_priority as 'Prioritas'
    -> 
    -> FROM task_plans a
    -> 
    -> RIGHT JOIN task_categories b
    -> 
    -> ON a.category_id = b.id
    -> 
    -> RIGHT JOIN task_indicators c
    -> 
    -> ON a.category_id = c.id
    -> 
    -> RIGHT JOIN users d
    -> 
    -> ON a.user_create = d.id;
Query OK, 0 rows affected (0.006 sec)

MariaDB [task_manager]> SELECT 
    -> 
    -> a.id, a.task_name, b.task_status, b.task_comments, d.category_name as 'Category',
    -> 
    -> DATEDIFF(a.task_duration_end, a.ask_duration_start) as 'Lama Pengerjaan',
    -> 
    -> c.name as 'Create By', (SELECT name from users where users.id = b.user_verify_id ) as 'Verified By'
    -> 
    -> FROM task_plans a
    -> 
    -> RIGHT JOIN task_dailies b ON a.id = b.plan_id
    -> 
    -> INNER JOIN users c ON b.user_id = c.id
    -> 
    -> RIGHT JOIN task_categories d ON a.category_id = d.id;
+------+-----------+-------------+---------------+--------------+-----------------+-----------+-------------+
| id   | task_name | task_status | task_comments | Category     | Lama Pengerjaan | Create By | Verified By |
+------+-----------+-------------+---------------+--------------+-----------------+-----------+-------------+
| NULL | NULL      | NULL        | NULL          | Analisis     |            NULL | NULL      | NULL        |
| NULL | NULL      | NULL        | NULL          | Administrasi |            NULL | NULL      | NULL        |
| NULL | NULL      | NULL        | NULL          | Teknikal     |            NULL | NULL      | NULL        |
+------+-----------+-------------+---------------+--------------+-----------------+-----------+-------------+
3 rows in set (0.001 sec)

